[Taichi] version 1.7.4, llvm 15.0.4, commit b4b956fd, linux, python 3.9.25
[Taichi] Starting on arch=x64
[W 10/02/26 13:48:27.693 12320] TaichiWarning
While compiling `get_vertices_c208_0`, File "/root/ThinShellLab/code/engine/model_elastic_tactile.py", line 206, in get_vertices:
            self.F_vertices[i][0] = p[i, 0]
            ^^^^^^^^^^^^^^^^^^^^^^^^^^^^^^^
Assign may lose precision: i32 <- i64
[W 10/02/26 13:48:27.693 12320] TaichiWarning
While compiling `get_vertices_c208_0`, File "/root/ThinShellLab/code/engine/model_elastic_tactile.py", line 207, in get_vertices:
            self.F_vertices[i][1] = p[i, 1]
            ^^^^^^^^^^^^^^^^^^^^^^^^^^^^^^^
Assign may lose precision: i32 <- i64
[W 10/02/26 13:48:27.693 12320] TaichiWarning
While compiling `get_vertices_c208_0`, File "/root/ThinShellLab/code/engine/model_elastic_tactile.py", line 208, in get_vertices:
            self.F_vertices[i][2] = p[i, 2]
            ^^^^^^^^^^^^^^^^^^^^^^^^^^^^^^^
Assign may lose precision: i32 <- i64
[W 10/02/26 13:48:27.693 12320] TaichiWarning
While compiling `get_vertices_c208_0`, File "/root/ThinShellLab/code/engine/model_elastic_tactile.py", line 209, in get_vertices:
            self.F_vertices[i][3] = p[i, 3]
            ^^^^^^^^^^^^^^^^^^^^^^^^^^^^^^^
Assign may lose precision: i32 <- i64
[W 10/02/26 13:48:27.858 12320] TaichiWarning
While compiling `init_surface_indices_c216_0`, File "/root/ThinShellLab/code/engine/model_elastic_tactile.py", line 268, in init_surface_indices:
            self.f2v[i][0] = p[i, 0]
            ^^^^^^^^^^^^^^^^^^^^^^^^
Assign may lose precision: i32 <- i64
[W 10/02/26 13:48:27.858 12320] TaichiWarning
While compiling `init_surface_indices_c216_0`, File "/root/ThinShellLab/code/engine/model_elastic_tactile.py", line 269, in init_surface_indices:
            self.f2v[i][1] = p[i, 1]
            ^^^^^^^^^^^^^^^^^^^^^^^^
Assign may lose precision: i32 <- i64
[W 10/02/26 13:48:27.858 12320] TaichiWarning
While compiling `init_surface_indices_c216_0`, File "/root/ThinShellLab/code/engine/model_elastic_tactile.py", line 270, in init_surface_indices:
            self.f2v[i][2] = p[i, 2]
            ^^^^^^^^^^^^^^^^^^^^^^^^
Assign may lose precision: i32 <- i64
pos: -0.014225091516791345 0.02063277096928219
/root/venv_tsl/lib/python3.9/site-packages/taichi/ui/scene.py:460: DeprecationWarning: Instantiating ti.ui.Scene directly is deprecated, use the get_scene() function from a taichi.ui.Window object instead.
  warnings.warn(
Saving Path: ../imgs/traj_opt_fold_12
iter:  0
[W 10/02/26 13:48:31.693 12320] TaichiWarning
File "/root/venv_tsl/lib/python3.9/site-packages/taichi/ui/scene.py", line 66, in gen_normals_kernel_indexed:
        atomic_add(normals[i_a], n)
        ^^^^^^^^^^^^^^^^^^^^^^^^^^^
Atomic add may lose precision: f32 <- f64
[W 10/02/26 13:48:31.694 12320] TaichiWarning
File "/root/venv_tsl/lib/python3.9/site-packages/taichi/ui/scene.py", line 67, in gen_normals_kernel_indexed:
        atomic_add(normals[i_b], n)
        ^^^^^^^^^^^^^^^^^^^^^^^^^^^
Atomic add may lose precision: f32 <- f64
[W 10/02/26 13:48:31.694 12320] TaichiWarning
File "/root/venv_tsl/lib/python3.9/site-packages/taichi/ui/scene.py", line 68, in gen_normals_kernel_indexed:
        atomic_add(normals[i_c], n)
        ^^^^^^^^^^^^^^^^^^^^^^^^^^^
Atomic add may lose precision: f32 <- f64
[W 10/02/26 13:48:31.694 12320] TaichiWarning
File "/root/venv_tsl/lib/python3.9/site-packages/taichi/ui/scene.py", line 69, in gen_normals_kernel_indexed:
        atomic_add(weights[i_a], 1.0)
        ^^^^^^^^^^^^^^^^^^^^^^^^^^^^^
Atomic add may lose precision: f32 <- f64
[W 10/02/26 13:48:31.694 12320] TaichiWarning
File "/root/venv_tsl/lib/python3.9/site-packages/taichi/ui/scene.py", line 70, in gen_normals_kernel_indexed:
        atomic_add(weights[i_b], 1.0)
        ^^^^^^^^^^^^^^^^^^^^^^^^^^^^^
Atomic add may lose precision: f32 <- f64
[W 10/02/26 13:48:31.694 12320] TaichiWarning
File "/root/venv_tsl/lib/python3.9/site-packages/taichi/ui/scene.py", line 71, in gen_normals_kernel_indexed:
        atomic_add(weights[i_c], 1.0)
        ^^^^^^^^^^^^^^^^^^^^^^^^^^^^^
Atomic add may lose precision: f32 <- f64
[W 10/02/26 13:48:31.695 12320] TaichiWarning
While compiling `gen_normals_kernel_indexed_c78_0`, File "/root/venv_tsl/lib/python3.9/site-packages/taichi/ui/scene.py", line 56, in gen_normals_kernel_indexed:
        normals[i] = Vector([0.0, 0.0, 0.0])
        ^^^^^^^^^^^^^^^^^^^^^^^^^^^^^^^^^^^^
Assign may lose precision: f32 <- f64
[W 10/02/26 13:48:31.695 12320] TaichiWarning
While compiling `gen_normals_kernel_indexed_c78_0`, File "/root/venv_tsl/lib/python3.9/site-packages/taichi/ui/scene.py", line 57, in gen_normals_kernel_indexed:
        weights[i] = 0.0
        ^^^^^^^^^^^^^^^^
Assign may lose precision: f32 <- f64
[W 10/02/26 13:48:31.744 12320] TaichiWarning
While compiling `copy_all_to_vbo_c62_0`, File "/root/venv_tsl/lib/python3.9/site-packages/taichi/ui/staging_buffer.py", line 124, in copy_all_to_vbo:
                vbo[i][8:11] = color[i]
                ^^^^^^^^^^^^^^^^^^^^^^^
Assign may lose precision: f32 <- f64
[W 10/02/26 13:48:31.744 12320] TaichiWarning
While compiling `copy_all_to_vbo_c62_0`, File "/root/venv_tsl/lib/python3.9/site-packages/taichi/ui/staging_buffer.py", line 125, in copy_all_to_vbo:
                vbo[i][11] = 1.0
                ^^^^^^^^^^^^^^^^
Assign may lose precision: f32 <- f64
[I 10/02/26 13:48:31.849 12320] [swap_chain.cpp:dump_image_buffer@164] Dumping image buffer...
/root/ThinShellLab/code/engine/sparse_solver.py:103: VisibleDeprecationWarning: This function is deprecated and will be removed in a future release. Use the cupy.from_dlpack() array constructor instead.
  x = from_dlpack(spsolve(H, b).toDlpack())
[I 10/02/26 13:50:32.975 12320] [swap_chain.cpp:dump_image_buffer@164] Dumping image buffer...
[I 10/02/26 13:50:33.625 12320] [swap_chain.cpp:dump_image_buffer@164] Dumping image buffer...
[I 10/02/26 13:50:34.256 12320] [swap_chain.cpp:dump_image_buffer@164] Dumping image buffer...
[I 10/02/26 13:50:34.821 12320] [swap_chain.cpp:dump_image_buffer@164] Dumping image buffer...
[I 10/02/26 13:50:35.357 12320] [swap_chain.cpp:dump_image_buffer@164] Dumping image buffer...
[I 10/02/26 13:50:35.860 12320] [swap_chain.cpp:dump_image_buffer@164] Dumping image buffer...
[I 10/02/26 13:50:36.406 12320] [swap_chain.cpp:dump_image_buffer@164] Dumping image buffer...
[I 10/02/26 13:50:36.951 12320] [swap_chain.cpp:dump_image_buffer@164] Dumping image buffer...
[I 10/02/26 13:50:37.490 12320] [swap_chain.cpp:dump_image_buffer@164] Dumping image buffer...
[I 10/02/26 13:50:38.015 12320] [swap_chain.cpp:dump_image_buffer@164] Dumping image buffer...
[I 10/02/26 13:50:38.502 12320] [swap_chain.cpp:dump_image_buffer@164] Dumping image buffer...
[I 10/02/26 13:50:38.983 12320] [swap_chain.cpp:dump_image_buffer@164] Dumping image buffer...
[I 10/02/26 13:50:39.434 12320] [swap_chain.cpp:dump_image_buffer@164] Dumping image buffer...
[I 10/02/26 13:50:39.865 12320] [swap_chain.cpp:dump_image_buffer@164] Dumping image buffer...
[I 10/02/26 13:50:40.292 12320] [swap_chain.cpp:dump_image_buffer@164] Dumping image buffer...
[I 10/02/26 13:50:40.725 12320] [swap_chain.cpp:dump_image_buffer@164] Dumping image buffer...
[I 10/02/26 13:50:41.148 12320] [swap_chain.cpp:dump_image_buffer@164] Dumping image buffer...
[I 10/02/26 13:50:41.582 12320] [swap_chain.cpp:dump_image_buffer@164] Dumping image buffer...
[I 10/02/26 13:50:42.059 12320] [swap_chain.cpp:dump_image_buffer@164] Dumping image buffer...
[I 10/02/26 13:50:42.491 12320] [swap_chain.cpp:dump_image_buffer@164] Dumping image buffer...
[I 10/02/26 13:50:42.881 12320] [swap_chain.cpp:dump_image_buffer@164] Dumping image buffer...
[I 10/02/26 13:50:43.295 12320] [swap_chain.cpp:dump_image_buffer@164] Dumping image buffer...
[I 10/02/26 13:50:43.715 12320] [swap_chain.cpp:dump_image_buffer@164] Dumping image buffer...
[I 10/02/26 13:50:44.139 12320] [swap_chain.cpp:dump_image_buffer@164] Dumping image buffer...
[I 10/02/26 13:50:44.567 12320] [swap_chain.cpp:dump_image_buffer@164] Dumping image buffer...
[I 10/02/26 13:50:44.999 12320] [swap_chain.cpp:dump_image_buffer@164] Dumping image buffer...
[I 10/02/26 13:50:45.435 12320] [swap_chain.cpp:dump_image_buffer@164] Dumping image buffer...
[I 10/02/26 13:50:45.837 12320] [swap_chain.cpp:dump_image_buffer@164] Dumping image buffer...
[I 10/02/26 13:50:46.229 12320] [swap_chain.cpp:dump_image_buffer@164] Dumping image buffer...
[I 10/02/26 13:50:46.584 12320] [swap_chain.cpp:dump_image_buffer@164] Dumping image buffer...
[I 10/02/26 13:50:46.967 12320] [swap_chain.cpp:dump_image_buffer@164] Dumping image buffer...
[I 10/02/26 13:50:47.361 12320] [swap_chain.cpp:dump_image_buffer@164] Dumping image buffer...
[I 10/02/26 13:50:47.783 12320] [swap_chain.cpp:dump_image_buffer@164] Dumping image buffer...
[I 10/02/26 13:50:48.216 12320] [swap_chain.cpp:dump_image_buffer@164] Dumping image buffer...
[I 10/02/26 13:50:48.659 12320] [swap_chain.cpp:dump_image_buffer@164] Dumping image buffer...
[I 10/02/26 13:50:49.102 12320] [swap_chain.cpp:dump_image_buffer@164] Dumping image buffer...
[I 10/02/26 13:50:49.542 12320] [swap_chain.cpp:dump_image_buffer@164] Dumping image buffer...
[I 10/02/26 13:50:49.963 12320] [swap_chain.cpp:dump_image_buffer@164] Dumping image buffer...
[I 10/02/26 13:50:50.379 12320] [swap_chain.cpp:dump_image_buffer@164] Dumping image buffer...
[I 10/02/26 13:50:50.804 12320] [swap_chain.cpp:dump_image_buffer@164] Dumping image buffer...
[I 10/02/26 13:50:51.233 12320] [swap_chain.cpp:dump_image_buffer@164] Dumping image buffer...
[I 10/02/26 13:50:51.641 12320] [swap_chain.cpp:dump_image_buffer@164] Dumping image buffer...
[I 10/02/26 13:50:52.039 12320] [swap_chain.cpp:dump_image_buffer@164] Dumping image buffer...
[I 10/02/26 13:50:52.413 12320] [swap_chain.cpp:dump_image_buffer@164] Dumping image buffer...
[I 10/02/26 13:50:52.757 12320] [swap_chain.cpp:dump_image_buffer@164] Dumping image buffer...
[I 10/02/26 13:50:53.144 12320] [swap_chain.cpp:dump_image_buffer@164] Dumping image buffer...
[I 10/02/26 13:50:53.527 12320] [swap_chain.cpp:dump_image_buffer@164] Dumping image buffer...
[I 10/02/26 13:50:53.912 12320] [swap_chain.cpp:dump_image_buffer@164] Dumping image buffer...
[I 10/02/26 13:50:54.316 12320] [swap_chain.cpp:dump_image_buffer@164] Dumping image buffer...
tot_time: 144.9063699245453
total_reward: [-0.15910344179902425]
done grad
iter:  1
tot_time: 20.192991733551025
total_reward: [-0.15910344179902425, -0.14884595904846587]
done grad
iter:  2
tot_time: 20.61976456642151
total_reward: [-0.15910344179902425, -0.14884595904846587, -0.14601425642205657]
done grad
iter:  3
tot_time: 20.16627073287964
total_reward: [-0.15910344179902425, -0.14884595904846587, -0.14601425642205657, -0.1280408353689828]
done grad
iter:  4
tot_time: 20.37038230895996
total_reward: [-0.15910344179902425, -0.14884595904846587, -0.14601425642205657, -0.1280408353689828, -0.12394160874163807]
done grad
iter:  5
tot_time: 20.693366289138794
total_reward: [-0.15910344179902425, -0.14884595904846587, -0.14601425642205657, -0.1280408353689828, -0.12394160874163807, -0.11815983251649387]
done grad
iter:  6
tot_time: 20.799531936645508
total_reward: [-0.15910344179902425, -0.14884595904846587, -0.14601425642205657, -0.1280408353689828, -0.12394160874163807, -0.11815983251649387, -0.11223563952449878]
done grad
iter:  7
tot_time: 20.86996603012085
total_reward: [-0.15910344179902425, -0.14884595904846587, -0.14601425642205657, -0.1280408353689828, -0.12394160874163807, -0.11815983251649387, -0.11223563952449878, -0.10622442540262833]
done grad
iter:  8
tot_time: 21.09873938560486
total_reward: [-0.15910344179902425, -0.14884595904846587, -0.14601425642205657, -0.1280408353689828, -0.12394160874163807, -0.11815983251649387, -0.11223563952449878, -0.10622442540262833, -0.10180050091610005]
done grad
iter:  9
tot_time: 21.293472290039062
total_reward: [-0.15910344179902425, -0.14884595904846587, -0.14601425642205657, -0.1280408353689828, -0.12394160874163807, -0.11815983251649387, -0.11223563952449878, -0.10622442540262833, -0.10180050091610005, -0.0985406711837844]
done grad
iter:  10
[I 10/02/26 13:54:20.857 12320] [swap_chain.cpp:dump_image_buffer@164] Dumping image buffer...
[I 10/02/26 13:54:21.463 12320] [swap_chain.cpp:dump_image_buffer@164] Dumping image buffer...
[I 10/02/26 13:54:22.095 12320] [swap_chain.cpp:dump_image_buffer@164] Dumping image buffer...
[I 10/02/26 13:54:22.659 12320] [swap_chain.cpp:dump_image_buffer@164] Dumping image buffer...
[I 10/02/26 13:54:23.229 12320] [swap_chain.cpp:dump_image_buffer@164] Dumping image buffer...
[I 10/02/26 13:54:23.814 12320] [swap_chain.cpp:dump_image_buffer@164] Dumping image buffer...
[I 10/02/26 13:54:24.355 12320] [swap_chain.cpp:dump_image_buffer@164] Dumping image buffer...
[I 10/02/26 13:54:24.882 12320] [swap_chain.cpp:dump_image_buffer@164] Dumping image buffer...
[I 10/02/26 13:54:25.422 12320] [swap_chain.cpp:dump_image_buffer@164] Dumping image buffer...
[I 10/02/26 13:54:25.921 12320] [swap_chain.cpp:dump_image_buffer@164] Dumping image buffer...
[I 10/02/26 13:54:26.426 12320] [swap_chain.cpp:dump_image_buffer@164] Dumping image buffer...
[I 10/02/26 13:54:26.905 12320] [swap_chain.cpp:dump_image_buffer@164] Dumping image buffer...
[I 10/02/26 13:54:27.342 12320] [swap_chain.cpp:dump_image_buffer@164] Dumping image buffer...
[I 10/02/26 13:54:27.779 12320] [swap_chain.cpp:dump_image_buffer@164] Dumping image buffer...
[I 10/02/26 13:54:28.207 12320] [swap_chain.cpp:dump_image_buffer@164] Dumping image buffer...
[I 10/02/26 13:54:28.632 12320] [swap_chain.cpp:dump_image_buffer@164] Dumping image buffer...
[I 10/02/26 13:54:29.055 12320] [swap_chain.cpp:dump_image_buffer@164] Dumping image buffer...
[I 10/02/26 13:54:29.499 12320] [swap_chain.cpp:dump_image_buffer@164] Dumping image buffer...
[I 10/02/26 13:54:29.967 12320] [swap_chain.cpp:dump_image_buffer@164] Dumping image buffer...
[I 10/02/26 13:54:30.467 12320] [swap_chain.cpp:dump_image_buffer@164] Dumping image buffer...
[I 10/02/26 13:54:30.931 12320] [swap_chain.cpp:dump_image_buffer@164] Dumping image buffer...
[I 10/02/26 13:54:31.393 12320] [swap_chain.cpp:dump_image_buffer@164] Dumping image buffer...
[I 10/02/26 13:54:31.814 12320] [swap_chain.cpp:dump_image_buffer@164] Dumping image buffer...
[I 10/02/26 13:54:32.249 12320] [swap_chain.cpp:dump_image_buffer@164] Dumping image buffer...
[I 10/02/26 13:54:32.691 12320] [swap_chain.cpp:dump_image_buffer@164] Dumping image buffer...
[I 10/02/26 13:54:33.119 12320] [swap_chain.cpp:dump_image_buffer@164] Dumping image buffer...
[I 10/02/26 13:54:33.536 12320] [swap_chain.cpp:dump_image_buffer@164] Dumping image buffer...
[I 10/02/26 13:54:33.969 12320] [swap_chain.cpp:dump_image_buffer@164] Dumping image buffer...
[I 10/02/26 13:54:34.391 12320] [swap_chain.cpp:dump_image_buffer@164] Dumping image buffer...
[I 10/02/26 13:54:34.818 12320] [swap_chain.cpp:dump_image_buffer@164] Dumping image buffer...
[I 10/02/26 13:54:35.254 12320] [swap_chain.cpp:dump_image_buffer@164] Dumping image buffer...
[I 10/02/26 13:54:35.649 12320] [swap_chain.cpp:dump_image_buffer@164] Dumping image buffer...
[I 10/02/26 13:54:36.041 12320] [swap_chain.cpp:dump_image_buffer@164] Dumping image buffer...
[I 10/02/26 13:54:36.506 12320] [swap_chain.cpp:dump_image_buffer@164] Dumping image buffer...
[I 10/02/26 13:54:36.965 12320] [swap_chain.cpp:dump_image_buffer@164] Dumping image buffer...
[I 10/02/26 13:54:37.393 12320] [swap_chain.cpp:dump_image_buffer@164] Dumping image buffer...
[I 10/02/26 13:54:37.892 12320] [swap_chain.cpp:dump_image_buffer@164] Dumping image buffer...
[I 10/02/26 13:54:38.384 12320] [swap_chain.cpp:dump_image_buffer@164] Dumping image buffer...
[I 10/02/26 13:54:38.839 12320] [swap_chain.cpp:dump_image_buffer@164] Dumping image buffer...
[I 10/02/26 13:54:39.290 12320] [swap_chain.cpp:dump_image_buffer@164] Dumping image buffer...
[I 10/02/26 13:54:39.757 12320] [swap_chain.cpp:dump_image_buffer@164] Dumping image buffer...
[I 10/02/26 13:54:40.214 12320] [swap_chain.cpp:dump_image_buffer@164] Dumping image buffer...
[I 10/02/26 13:54:40.691 12320] [swap_chain.cpp:dump_image_buffer@164] Dumping image buffer...
[I 10/02/26 13:54:41.152 12320] [swap_chain.cpp:dump_image_buffer@164] Dumping image buffer...
[I 10/02/26 13:54:41.611 12320] [swap_chain.cpp:dump_image_buffer@164] Dumping image buffer...
[I 10/02/26 13:54:42.048 12320] [swap_chain.cpp:dump_image_buffer@164] Dumping image buffer...
[I 10/02/26 13:54:42.449 12320] [swap_chain.cpp:dump_image_buffer@164] Dumping image buffer...
[I 10/02/26 13:54:42.835 12320] [swap_chain.cpp:dump_image_buffer@164] Dumping image buffer...
[I 10/02/26 13:54:43.278 12320] [swap_chain.cpp:dump_image_buffer@164] Dumping image buffer...
[I 10/02/26 13:54:43.711 12320] [swap_chain.cpp:dump_image_buffer@164] Dumping image buffer...
tot_time: 22.88967275619507
total_reward: [-0.15910344179902425, -0.14884595904846587, -0.14601425642205657, -0.1280408353689828, -0.12394160874163807, -0.11815983251649387, -0.11223563952449878, -0.10622442540262833, -0.10180050091610005, -0.0985406711837844, -0.09565737793965234]
done grad
iter:  11
tot_time: 21.189680576324463
total_reward: [-0.15910344179902425, -0.14884595904846587, -0.14601425642205657, -0.1280408353689828, -0.12394160874163807, -0.11815983251649387, -0.11223563952449878, -0.10622442540262833, -0.10180050091610005, -0.0985406711837844, -0.09565737793965234, -0.09239903103908365]
done grad
iter:  12
tot_time: 21.423683643341064
total_reward: [-0.15910344179902425, -0.14884595904846587, -0.14601425642205657, -0.1280408353689828, -0.12394160874163807, -0.11815983251649387, -0.11223563952449878, -0.10622442540262833, -0.10180050091610005, -0.0985406711837844, -0.09565737793965234, -0.09239903103908365, -0.08719289482985704]
done grad
iter:  13
tot_time: 21.212746381759644
total_reward: [-0.15910344179902425, -0.14884595904846587, -0.14601425642205657, -0.1280408353689828, -0.12394160874163807, -0.11815983251649387, -0.11223563952449878, -0.10622442540262833, -0.10180050091610005, -0.0985406711837844, -0.09565737793965234, -0.09239903103908365, -0.08719289482985704, -0.06896511185943655]
done grad
iter:  14
tot_time: 21.29555034637451
total_reward: [-0.15910344179902425, -0.14884595904846587, -0.14601425642205657, -0.1280408353689828, -0.12394160874163807, -0.11815983251649387, -0.11223563952449878, -0.10622442540262833, -0.10180050091610005, -0.0985406711837844, -0.09565737793965234, -0.09239903103908365, -0.08719289482985704, -0.06896511185943655, -0.06279834189038547]
done grad
iter:  15
tot_time: 21.40578818321228
total_reward: [-0.15910344179902425, -0.14884595904846587, -0.14601425642205657, -0.1280408353689828, -0.12394160874163807, -0.11815983251649387, -0.11223563952449878, -0.10622442540262833, -0.10180050091610005, -0.0985406711837844, -0.09565737793965234, -0.09239903103908365, -0.08719289482985704, -0.06896511185943655, -0.06279834189038547, -0.05891660877598426]
done grad
iter:  16
Terminated
